// Jest Snapshot v1, https://goo.gl/fbAQLP

exports[`Home should render corectly 1`] = `
<div>
  Array [
    "",
    Array [
      "",
      <div
        className="MuiPaper-root MuiPaper-elevation MuiPaper-rounded MuiPaper-elevation0 MuiAlert-root MuiAlert-standardError MuiAlert-standard css-xilmwd-MuiPaper-root-MuiAlert-root"
        role="alert"
        style={
          Object {
            "marginBottom": 15,
          }
        }
      >
        Array [
          "",
          <div
            className="MuiAlert-icon css-1ytlwq5-MuiAlert-icon"
          >
            Array [
              "",
              <svg
                aria-hidden={true}
                className="MuiSvgIcon-root MuiSvgIcon-fontSizeInherit css-1vooibu-MuiSvgIcon-root"
                data-testid="ErrorOutlineIcon"
                focusable="false"
                viewBox="0 0 24 24"
              >
                <path
                  d="M11 15h2v2h-2zm0-8h2v6h-2zm.99-5C6.47 2 2 6.48 2 12s4.47 10 9.99 10C17.52 22 22 17.52 22 12S17.52 2 11.99 2zM12 20c-4.42 0-8-3.58-8-8s3.58-8 8-8 8 3.58 8 8-3.58 8-8 8z"
                />
              </svg>,
            ]
          </div>,
        ]
        Array [
          "",
          <div
            className="MuiAlert-message css-1pxa9xg-MuiAlert-message"
          >
            Fake error
          </div>,
        ]
      </div>,
    ],
  ]
  <div
    className="homeInfo"
  >
    Array [
      "",
      Array [
        "",
        <div
          className="MuiPaper-root MuiPaper-elevation MuiPaper-rounded MuiPaper-elevation1 MuiCard-root css-bhp9pd-MuiPaper-root-MuiCard-root"
        >
          <div
            className="homeLogo"
          >
            <div
              className="image"
            >
              <i
                className="fa fa-gears"
              />
            </div>
            <h1
              className="name"
            >
              Finder
            </h1>
            <div
              className="text"
            >
              Search engine
            </div>
            <div
              className="button"
            >
              Array [
                "",
                Array [
                  "",
                  <button
                    className="MuiButtonBase-root MuiButton-root MuiButton-contained MuiButton-containedPrimary MuiButton-sizeMedium MuiButton-containedSizeMedium css-sghohy-MuiButtonBase-root-MuiButton-root"
                    disabled={false}
                    onBlur={[Function]}
                    onClick={[Function]}
                    onContextMenu={[Function]}
                    onDragLeave={[Function]}
                    onFocus={[Function]}
                    onKeyDown={[Function]}
                    onKeyUp={[Function]}
                    onMouseDown={[Function]}
                    onMouseLeave={[Function]}
                    onMouseUp={[Function]}
                    onTouchEnd={[Function]}
                    onTouchMove={[Function]}
                    onTouchStart={[Function]}
                    tabIndex={0}
                    type="button"
                  >
                    Array [
                      "",
                      <span
                        className="MuiButton-startIcon MuiButton-iconSizeMedium css-1d6wzja-MuiButton-startIcon"
                      >
                        <i
                          className="fa fa-github"
                        />
                      </span>,
                    ]
                    Download with Github
                    Array [
                      "",
                      <span
                        className="MuiTouchRipple-root css-8je8zh-MuiTouchRipple-root"
                      />,
                    ]
                  </button>,
                ],
              ]
            </div>
          </div>
        </div>,
      ],
    ]
  </div>
  <div
    style={
      Object {
        "backfaceVisibility": "hidden",
        "background": "rgba(255,255,255,.5)",
        "bottom": 0,
        "left": 0,
        "position": "absolute",
        "right": 0,
        "top": 0,
        "zIndex": 10,
      }
    }
  >
    <div
      style={
        Object {
          "height": 100,
          "left": "50%",
          "position": "absolute",
          "top": "50%",
          "transform": "translate(-50%, -50%)",
          "width": 100,
        }
      }
    >
      <svg
        className="lds-spinner"
        height="100%"
        preserveAspectRatio="xMidYMid"
        viewBox="0 0 100 100"
        width="100%"
        xmlns="http://www.w3.org/2000/svg"
      >
        <g
          key="rotate(0 50 50)"
          transform="rotate(0 50 50)"
        >
          <rect
            fill="#3F88C5"
            height="12"
            rx="9.4"
            ry="4.8"
            width="6"
            x="47"
            y="24"
          >
            <animate
              attributeName="opacity"
              begin="-0.9166666666666666s"
              dur="1s"
              keyTimes="0;1"
              repeatCount="indefinite"
              values="1;0"
            />
          </rect>
        </g>
        <g
          key="rotate(30 50 50)"
          transform="rotate(30 50 50)"
        >
          <rect
            fill="#3F88C5"
            height="12"
            rx="9.4"
            ry="4.8"
            width="6"
            x="47"
            y="24"
          >
            <animate
              attributeName="opacity"
              begin="-0.8333333333333334s"
              dur="1s"
              keyTimes="0;1"
              repeatCount="indefinite"
              values="1;0"
            />
          </rect>
        </g>
        <g
          key="rotate(60 50 50)"
          transform="rotate(60 50 50)"
        >
          <rect
            fill="#3F88C5"
            height="12"
            rx="9.4"
            ry="4.8"
            width="6"
            x="47"
            y="24"
          >
            <animate
              attributeName="opacity"
              begin="-0.75s"
              dur="1s"
              keyTimes="0;1"
              repeatCount="indefinite"
              values="1;0"
            />
          </rect>
        </g>
        <g
          key="rotate(90 50 50)"
          transform="rotate(90 50 50)"
        >
          <rect
            fill="#3F88C5"
            height="12"
            rx="9.4"
            ry="4.8"
            width="6"
            x="47"
            y="24"
          >
            <animate
              attributeName="opacity"
              begin="-0.6666666666666666s"
              dur="1s"
              keyTimes="0;1"
              repeatCount="indefinite"
              values="1;0"
            />
          </rect>
        </g>
        <g
          key="rotate(120 50 50)"
          transform="rotate(120 50 50)"
        >
          <rect
            fill="#3F88C5"
            height="12"
            rx="9.4"
            ry="4.8"
            width="6"
            x="47"
            y="24"
          >
            <animate
              attributeName="opacity"
              begin="-0.5833333333333334s"
              dur="1s"
              keyTimes="0;1"
              repeatCount="indefinite"
              values="1;0"
            />
          </rect>
        </g>
        <g
          key="rotate(150 50 50)"
          transform="rotate(150 50 50)"
        >
          <rect
            fill="#3F88C5"
            height="12"
            rx="9.4"
            ry="4.8"
            width="6"
            x="47"
            y="24"
          >
            <animate
              attributeName="opacity"
              begin="-0.5s"
              dur="1s"
              keyTimes="0;1"
              repeatCount="indefinite"
              values="1;0"
            />
          </rect>
        </g>
        <g
          key="rotate(180 50 50)"
          transform="rotate(180 50 50)"
        >
          <rect
            fill="#3F88C5"
            height="12"
            rx="9.4"
            ry="4.8"
            width="6"
            x="47"
            y="24"
          >
            <animate
              attributeName="opacity"
              begin="-0.4166666666666667s"
              dur="1s"
              keyTimes="0;1"
              repeatCount="indefinite"
              values="1;0"
            />
          </rect>
        </g>
        <g
          key="rotate(210 50 50)"
          transform="rotate(210 50 50)"
        >
          <rect
            fill="#3F88C5"
            height="12"
            rx="9.4"
            ry="4.8"
            width="6"
            x="47"
            y="24"
          >
            <animate
              attributeName="opacity"
              begin="-0.3333333333333333s"
              dur="1s"
              keyTimes="0;1"
              repeatCount="indefinite"
              values="1;0"
            />
          </rect>
        </g>
        <g
          key="rotate(240 50 50)"
          transform="rotate(240 50 50)"
        >
          <rect
            fill="#3F88C5"
            height="12"
            rx="9.4"
            ry="4.8"
            width="6"
            x="47"
            y="24"
          >
            <animate
              attributeName="opacity"
              begin="-0.25s"
              dur="1s"
              keyTimes="0;1"
              repeatCount="indefinite"
              values="1;0"
            />
          </rect>
        </g>
        <g
          key="rotate(270 50 50)"
          transform="rotate(270 50 50)"
        >
          <rect
            fill="#3F88C5"
            height="12"
            rx="9.4"
            ry="4.8"
            width="6"
            x="47"
            y="24"
          >
            <animate
              attributeName="opacity"
              begin="-0.16666666666666666s"
              dur="1s"
              keyTimes="0;1"
              repeatCount="indefinite"
              values="1;0"
            />
          </rect>
        </g>
        <g
          key="rotate(300 50 50)"
          transform="rotate(300 50 50)"
        >
          <rect
            fill="#3F88C5"
            height="12"
            rx="9.4"
            ry="4.8"
            width="6"
            x="47"
            y="24"
          >
            <animate
              attributeName="opacity"
              begin="-0.08333333333333333s"
              dur="1s"
              keyTimes="0;1"
              repeatCount="indefinite"
              values="1;0"
            />
          </rect>
        </g>
        <g
          key="rotate(330 50 50)"
          transform="rotate(330 50 50)"
        >
          <rect
            fill="#3F88C5"
            height="12"
            rx="9.4"
            ry="4.8"
            width="6"
            x="47"
            y="24"
          >
            <animate
              attributeName="opacity"
              begin="0s"
              dur="1s"
              keyTimes="0;1"
              repeatCount="indefinite"
              values="1;0"
            />
          </rect>
        </g>
      </svg>
    </div>
  </div>
</div>
`;
