// Jest Snapshot v1, https://goo.gl/fbAQLP

exports[`HomeInfo should render correctly 1`] = `
<div
  className="homeInfo"
>
  <Card
    indent={15}
    padding={15}
    theme="light"
  >
    <div
      className="homeLogo"
    >
      <div
        className="image"
      >
        <i
          className="fa fa-gears"
        />
      </div>
      <h1
        className="name"
      >
        Finder
      </h1>
      <div
        className="text"
      >
        Search engine
      </div>
      <div
        className="button"
      >
        <Button
          icon={
            <i
              className="fa fa-github"
            />
          }
          indent={0}
          onClick={[Function]}
        >
          Download with Github
        </Button>
      </div>
    </div>
  </Card>
</div>
`;
