// Jest Snapshot v1, https://goo.gl/fbAQLP

exports[`AuthorInfo should render correctly 1`] = `
<Card
  className="authorInfo"
  padding={15}
  theme="light"
>
  <div
    className="logo"
    style={
      Object {
        "backgroundImage": "url(http://localhost:8888/avatar)",
      }
    }
  />
  <div
    className="title"
  >
    John
  </div>
  <div
    className="titleVersion"
  >
    USA
  </div>
  <div
    className="infoText"
  >
    Addition information
  </div>
  <div
    className="button"
  >
    <Button
      icon={
        <i
          className="fa fa-github"
        />
      }
      onClick={[Function]}
    >
      Github page
    </Button>
  </div>
</Card>
`;
